// Jest Snapshot v1, https://goo.gl/fbAQLP

exports[`renders without crashing 1`] = `
<ScrollView
  scrollEnabled={true}
>
  <Connect(UserAccount) />
  <Connect(CardPreferences)
    toggleScroll={[Function]}
  />
  <withNavigation(PreferencesItem)
    icon="new-message"
    link="Feedback"
    title="Feedback"
  />
</ScrollView>
`;
