// Jest Snapshot v1, https://goo.gl/fbAQLP

exports[`renders without crashing 1`] = `
<ScrollViewMock
  keyboardShouldPersistTaps="handled"
  scrollEnabled={true}
  style={
    Object {
      "backgroundColor": "#EAEAEA",
      "flexGrow": 1,
      "marginBottom": 40,
      "marginTop": 58,
    }
  }
>
  <Connect(UserAccount) />
  <Connect(CardPreferences)
    toggleScroll={[Function]}
  />
</ScrollViewMock>
`;
