// Jest Snapshot v1, https://goo.gl/fbAQLP

exports[`card renders without crashing 1`] = `
<View>
  <BannerCard
    image="https://s3-us-west-2.amazonaws.com/ucsd-its-wts/images/v1/campus_lisa_2017_logo.png"
    onClose={[Function]}
    onPress={[Function]}
    showButton={true}
    title="Campus Lisa"
  />
</View>
`;

exports[`container renders without crashing 1`] = `
<withNavigation(SpecialEventsCard)
  hideCard={[MockFunction]}
  saved={Array []}
  specialEvents={
    Object {
      "date-items": Object {
        "2018-05-30": Array [
          "1",
        ],
      },
      "dates": Array [
        "2018-05-30",
      ],
      "end-time": "1527706800000",
      "label-items": Object {
        "Miscellaneous": Array [
          "1",
        ],
      },
      "label-themes": Object {
        "Miscellaneous": "#747678",
      },
      "labels": Array [
        "Miscellaneous",
      ],
      "location": "Wells Fargo Hall, UC San Diego Rady School of Management",
      "logo": "https://s3-us-west-2.amazonaws.com/ucsd-its-wts/images/v1/campus_lisa_2017_logo.png",
      "logo-sm": "https://s3-us-west-2.amazonaws.com/ucsd-its-wts/images/v1/campus_lisa_2017_logo_sm.png",
      "map": "https://campuslisa.ucsd.edu/_images/conference-map.jpg",
      "name": "Campus Lisa",
      "schedule": Object {
        "1": Object {
          "end-time": "1527669000000",
          "full-description": "Test Description",
          "id": "1",
          "label": "",
          "label-theme": "",
          "location": "Rady School of Management Courtyard",
          "speaker-shortdesc": "",
          "start-time": "1527667200000",
          "talk-title": "Check-in/Registration",
          "talk-type": "Default",
          "top-label": "No",
        },
      },
      "start-time": "1484064000000",
      "uids": Array [
        "1",
      ],
    }
  }
  title="Events"
/>
`;
